// Jest Snapshot v1, https://goo.gl/fbAQLP

exports[`Parser  1`] = `
Object {
  "children": Array [
    Object {
      "children": Array [
        Object {
          "position": Position {
            "end": Object {
              "column": 5,
              "line": 1,
              "offset": 4,
            },
            "indent": Array [],
            "start": Object {
              "column": 1,
              "line": 1,
              "offset": 0,
            },
          },
          "type": "text",
          "value": "test",
        },
      ],
      "position": Position {
        "end": Object {
          "column": 5,
          "line": 1,
          "offset": 4,
        },
        "indent": Array [],
        "start": Object {
          "column": 1,
          "line": 1,
          "offset": 0,
        },
      },
      "type": "paragraph",
    },
  ],
  "position": Object {
    "end": Object {
      "column": 5,
      "line": 1,
      "offset": 4,
    },
    "start": Object {
      "column": 1,
      "line": 1,
      "offset": 0,
    },
  },
  "type": "root",
}
`;
