// Jest Snapshot v1, https://goo.gl/fbAQLP

exports[`TreeViewItem renders correctly 1`] = `ShallowWrapper {}`;
