// Jest Snapshot v1, https://goo.gl/fbAQLP

exports[`TreeView renders correctly 1`] = `
ShallowWrapper {
  Symbol(enzyme.__root__): [Circular],
  Symbol(enzyme.__unrendered__): <TreeView
    contexts={
      Array [
        Object {
          "name": "test1",
          "path": "/test1",
        },
        Object {
          "name": "test2",
          "path": "/test2",
        },
      ]
    }
    files={
      Array [
        Object {
          "content": "[[bar.md]]",
          "fileType": "markdown",
          "id": "test1",
          "isLoaded": true,
          "name": "foo.md",
          "namespace": "test1",
          "path": "/",
          "strongDependencies": Array [
            "test:/bar.md",
          ],
          "variables": Array [],
          "weakDependencies": Array [
            "test:/bar.md",
          ],
        },
        Object {
          "content": "[[bar.md]]",
          "fileType": "markdown",
          "id": "test1",
          "isLoaded": true,
          "name": "foo.md",
          "namespace": "test1",
          "path": "/foo.md",
          "strongDependencies": Array [
            "test:/bar.md",
          ],
          "variables": Array [],
          "weakDependencies": Array [
            "test:/bar.md",
          ],
        },
        Object {
          "content": "[[bar.md]]",
          "fileType": "markdown",
          "id": "test2",
          "isLoaded": true,
          "name": "foo.md",
          "namespace": "test2",
          "path": "/",
          "strongDependencies": Array [
            "test:/bar.md",
          ],
          "variables": Array [],
          "weakDependencies": Array [
            "test:/bar.md",
          ],
        },
      ]
    }
  />,
  Symbol(enzyme.__renderer__): Object {
    "batchedUpdates": [Function],
    "getNode": [Function],
    "render": [Function],
    "simulateError": [Function],
    "simulateEvent": [Function],
    "unmount": [Function],
  },
  Symbol(enzyme.__node__): Object {
    "instance": null,
    "key": undefined,
    "nodeType": "host",
    "props": Object {
      "children": Array [
        <TreeViewItem
          context={
            Object {
              "name": "test1",
              "path": "/test1",
            }
          }
          file={
            Object {
              "content": "[[bar.md]]",
              "fileType": "markdown",
              "id": "test1",
              "isLoaded": true,
              "name": "foo.md",
              "namespace": "test1",
              "path": "/foo.md",
              "strongDependencies": Array [
                "test:/bar.md",
              ],
              "variables": Array [],
              "weakDependencies": Array [
                "test:/bar.md",
              ],
            }
          }
        >
          <TreeViewItem
            context={
              Object {
                "name": "test1",
                "path": "/test1",
              }
            }
            file={
              Object {
                "content": "[[bar.md]]",
                "fileType": "markdown",
                "id": "test1",
                "isLoaded": true,
                "name": "foo.md",
                "namespace": "test1",
                "path": "/foo.md",
                "strongDependencies": Array [
                  "test:/bar.md",
                ],
                "variables": Array [],
                "weakDependencies": Array [
                  "test:/bar.md",
                ],
              }
            }
          />
        </TreeViewItem>,
        <TreeViewItem
          context={
            Object {
              "name": "test2",
              "path": "/test2",
            }
          }
          file={
            Object {
              "content": "[[bar.md]]",
              "fileType": "markdown",
              "id": "test2",
              "isLoaded": true,
              "name": "foo.md",
              "namespace": "test2",
              "path": "/",
              "strongDependencies": Array [
                "test:/bar.md",
              ],
              "variables": Array [],
              "weakDependencies": Array [
                "test:/bar.md",
              ],
            }
          }
        />,
      ],
    },
    "ref": null,
    "rendered": Array [
      Object {
        "instance": null,
        "key": "test1",
        "nodeType": "function",
        "props": Object {
          "children": Array [
            <TreeViewItem
              context={
                Object {
                  "name": "test1",
                  "path": "/test1",
                }
              }
              file={
                Object {
                  "content": "[[bar.md]]",
                  "fileType": "markdown",
                  "id": "test1",
                  "isLoaded": true,
                  "name": "foo.md",
                  "namespace": "test1",
                  "path": "/foo.md",
                  "strongDependencies": Array [
                    "test:/bar.md",
                  ],
                  "variables": Array [],
                  "weakDependencies": Array [
                    "test:/bar.md",
                  ],
                }
              }
            />,
          ],
          "context": Object {
            "name": "test1",
            "path": "/test1",
          },
          "file": Object {
            "content": "[[bar.md]]",
            "fileType": "markdown",
            "id": "test1",
            "isLoaded": true,
            "name": "foo.md",
            "namespace": "test1",
            "path": "/foo.md",
            "strongDependencies": Array [
              "test:/bar.md",
            ],
            "variables": Array [],
            "weakDependencies": Array [
              "test:/bar.md",
            ],
          },
        },
        "ref": null,
        "rendered": Array [
          Object {
            "instance": null,
            "key": "test1",
            "nodeType": "function",
            "props": Object {
              "children": Array [],
              "context": Object {
                "name": "test1",
                "path": "/test1",
              },
              "file": Object {
                "content": "[[bar.md]]",
                "fileType": "markdown",
                "id": "test1",
                "isLoaded": true,
                "name": "foo.md",
                "namespace": "test1",
                "path": "/foo.md",
                "strongDependencies": Array [
                  "test:/bar.md",
                ],
                "variables": Array [],
                "weakDependencies": Array [
                  "test:/bar.md",
                ],
              },
            },
            "ref": null,
            "rendered": Array [],
            "type": [Function],
          },
        ],
        "type": [Function],
      },
      Object {
        "instance": null,
        "key": "test2",
        "nodeType": "function",
        "props": Object {
          "children": Array [],
          "context": Object {
            "name": "test2",
            "path": "/test2",
          },
          "file": Object {
            "content": "[[bar.md]]",
            "fileType": "markdown",
            "id": "test2",
            "isLoaded": true,
            "name": "foo.md",
            "namespace": "test2",
            "path": "/",
            "strongDependencies": Array [
              "test:/bar.md",
            ],
            "variables": Array [],
            "weakDependencies": Array [
              "test:/bar.md",
            ],
          },
        },
        "ref": null,
        "rendered": Array [],
        "type": [Function],
      },
    ],
    "type": "ul",
  },
  Symbol(enzyme.__nodes__): Array [
    Object {
      "instance": null,
      "key": undefined,
      "nodeType": "host",
      "props": Object {
        "children": Array [
          <TreeViewItem
            context={
              Object {
                "name": "test1",
                "path": "/test1",
              }
            }
            file={
              Object {
                "content": "[[bar.md]]",
                "fileType": "markdown",
                "id": "test1",
                "isLoaded": true,
                "name": "foo.md",
                "namespace": "test1",
                "path": "/foo.md",
                "strongDependencies": Array [
                  "test:/bar.md",
                ],
                "variables": Array [],
                "weakDependencies": Array [
                  "test:/bar.md",
                ],
              }
            }
          >
            <TreeViewItem
              context={
                Object {
                  "name": "test1",
                  "path": "/test1",
                }
              }
              file={
                Object {
                  "content": "[[bar.md]]",
                  "fileType": "markdown",
                  "id": "test1",
                  "isLoaded": true,
                  "name": "foo.md",
                  "namespace": "test1",
                  "path": "/foo.md",
                  "strongDependencies": Array [
                    "test:/bar.md",
                  ],
                  "variables": Array [],
                  "weakDependencies": Array [
                    "test:/bar.md",
                  ],
                }
              }
            />
          </TreeViewItem>,
          <TreeViewItem
            context={
              Object {
                "name": "test2",
                "path": "/test2",
              }
            }
            file={
              Object {
                "content": "[[bar.md]]",
                "fileType": "markdown",
                "id": "test2",
                "isLoaded": true,
                "name": "foo.md",
                "namespace": "test2",
                "path": "/",
                "strongDependencies": Array [
                  "test:/bar.md",
                ],
                "variables": Array [],
                "weakDependencies": Array [
                  "test:/bar.md",
                ],
              }
            }
          />,
        ],
      },
      "ref": null,
      "rendered": Array [
        Object {
          "instance": null,
          "key": "test1",
          "nodeType": "function",
          "props": Object {
            "children": Array [
              <TreeViewItem
                context={
                  Object {
                    "name": "test1",
                    "path": "/test1",
                  }
                }
                file={
                  Object {
                    "content": "[[bar.md]]",
                    "fileType": "markdown",
                    "id": "test1",
                    "isLoaded": true,
                    "name": "foo.md",
                    "namespace": "test1",
                    "path": "/foo.md",
                    "strongDependencies": Array [
                      "test:/bar.md",
                    ],
                    "variables": Array [],
                    "weakDependencies": Array [
                      "test:/bar.md",
                    ],
                  }
                }
              />,
            ],
            "context": Object {
              "name": "test1",
              "path": "/test1",
            },
            "file": Object {
              "content": "[[bar.md]]",
              "fileType": "markdown",
              "id": "test1",
              "isLoaded": true,
              "name": "foo.md",
              "namespace": "test1",
              "path": "/foo.md",
              "strongDependencies": Array [
                "test:/bar.md",
              ],
              "variables": Array [],
              "weakDependencies": Array [
                "test:/bar.md",
              ],
            },
          },
          "ref": null,
          "rendered": Array [
            Object {
              "instance": null,
              "key": "test1",
              "nodeType": "function",
              "props": Object {
                "children": Array [],
                "context": Object {
                  "name": "test1",
                  "path": "/test1",
                },
                "file": Object {
                  "content": "[[bar.md]]",
                  "fileType": "markdown",
                  "id": "test1",
                  "isLoaded": true,
                  "name": "foo.md",
                  "namespace": "test1",
                  "path": "/foo.md",
                  "strongDependencies": Array [
                    "test:/bar.md",
                  ],
                  "variables": Array [],
                  "weakDependencies": Array [
                    "test:/bar.md",
                  ],
                },
              },
              "ref": null,
              "rendered": Array [],
              "type": [Function],
            },
          ],
          "type": [Function],
        },
        Object {
          "instance": null,
          "key": "test2",
          "nodeType": "function",
          "props": Object {
            "children": Array [],
            "context": Object {
              "name": "test2",
              "path": "/test2",
            },
            "file": Object {
              "content": "[[bar.md]]",
              "fileType": "markdown",
              "id": "test2",
              "isLoaded": true,
              "name": "foo.md",
              "namespace": "test2",
              "path": "/",
              "strongDependencies": Array [
                "test:/bar.md",
              ],
              "variables": Array [],
              "weakDependencies": Array [
                "test:/bar.md",
              ],
            },
          },
          "ref": null,
          "rendered": Array [],
          "type": [Function],
        },
      ],
      "type": "ul",
    },
  ],
  Symbol(enzyme.__options__): Object {
    "adapter": ReactSixteenAdapter {
      "options": Object {
        "enableComponentDidUpdateOnSetState": true,
        "lifecycles": Object {
          "componentDidUpdate": Object {
            "onSetState": true,
          },
          "getDerivedStateFromProps": true,
          "getSnapshotBeforeUpdate": true,
          "setState": Object {
            "skipsComponentDidUpdateOnNullish": true,
          },
        },
      },
    },
  },
}
`;
