// Jest Snapshot v1, https://goo.gl/fbAQLP

exports[`Markdown renders correctly 1`] = `ShallowWrapper {}`;

exports[`buildJSX renders correctly 1`] = `
<p>
  <span
    data-reactroot=""
  >
    foo
  </span>
</p>
`;
