// Jest Snapshot v1, https://goo.gl/fbAQLP

exports[`TreeView renders correctly 1`] = `ShallowWrapper {}`;
